07-30 23:09:00 com_github_MitjaNemec_PlaceFootprints.action_place_footprints 674:Plugin executed on: 'win32'
07-30 23:09:00 com_github_MitjaNemec_PlaceFootprints.action_place_footprints 675:Plugin executed with python version: '3.11.5 (main, Jan 27 2025, 07:08:36) [MSC v.1942 64 bit (AMD64)]'
07-30 23:09:00 com_github_MitjaNemec_PlaceFootprints.action_place_footprints 676:KiCad build version: 9.0.2
07-30 23:09:00 com_github_MitjaNemec_PlaceFootprints.action_place_footprints 677:Plugin version: 4.0.1
07-30 23:09:00 com_github_MitjaNemec_PlaceFootprints.action_place_footprints 678:Frame repr: <wx._core.Frame object at 0x0000029DD10832E0>
07-30 23:09:00 com_github_MitjaNemec_PlaceFootprints.place_footprints 121:getting a list of all footprints on board
07-30 23:09:00 com_github_MitjaNemec_PlaceFootprints.place_footprints 156:Footprint U6 on root level
07-30 23:09:00 com_github_MitjaNemec_PlaceFootprints.place_footprints 156:Footprint C4 on root level
07-30 23:09:00 com_github_MitjaNemec_PlaceFootprints.place_footprints 156:Footprint R44 on root level
07-30 23:09:00 com_github_MitjaNemec_PlaceFootprints.place_footprints 156:Footprint J1 on root level
07-30 23:09:00 com_github_MitjaNemec_PlaceFootprints.place_footprints 156:Footprint C71 on root level
07-30 23:09:00 com_github_MitjaNemec_PlaceFootprints.place_footprints 156:Footprint C60 on root level
07-30 23:09:00 com_github_MitjaNemec_PlaceFootprints.place_footprints 156:Footprint SW2 on root level
07-30 23:09:00 com_github_MitjaNemec_PlaceFootprints.place_footprints 156:Footprint R4 on root level
07-30 23:09:00 com_github_MitjaNemec_PlaceFootprints.place_footprints 156:Footprint L4 on root level
07-30 23:09:00 com_github_MitjaNemec_PlaceFootprints.place_footprints 156:Footprint Q5 on root level
07-30 23:09:00 com_github_MitjaNemec_PlaceFootprints.place_footprints 156:Footprint C1 on root level
07-30 23:09:00 com_github_MitjaNemec_PlaceFootprints.place_footprints 156:Footprint C68 on root level
07-30 23:09:00 com_github_MitjaNemec_PlaceFootprints.place_footprints 156:Footprint C55 on root level
07-30 23:09:00 com_github_MitjaNemec_PlaceFootprints.place_footprints 156:Footprint Q1 on root level
07-30 23:09:00 com_github_MitjaNemec_PlaceFootprints.place_footprints 156:Footprint R36 on root level
07-30 23:09:00 com_github_MitjaNemec_PlaceFootprints.place_footprints 156:Footprint C6 on root level
07-30 23:09:00 com_github_MitjaNemec_PlaceFootprints.place_footprints 156:Footprint R23 on root level
07-30 23:09:00 com_github_MitjaNemec_PlaceFootprints.place_footprints 156:Footprint Q2 on root level
07-30 23:09:00 com_github_MitjaNemec_PlaceFootprints.place_footprints 156:Footprint R48 on root level
07-30 23:09:00 com_github_MitjaNemec_PlaceFootprints.place_footprints 156:Footprint L5 on root level
07-30 23:09:00 com_github_MitjaNemec_PlaceFootprints.place_footprints 156:Footprint Q6 on root level
07-30 23:09:00 com_github_MitjaNemec_PlaceFootprints.place_footprints 156:Footprint U1 on root level
07-30 23:09:00 com_github_MitjaNemec_PlaceFootprints.place_footprints 156:Footprint R34 on root level
07-30 23:09:00 com_github_MitjaNemec_PlaceFootprints.place_footprints 156:Footprint R1 on root level
07-30 23:09:00 com_github_MitjaNemec_PlaceFootprints.place_footprints 156:Footprint R40 on root level
07-30 23:09:00 com_github_MitjaNemec_PlaceFootprints.place_footprints 156:Footprint C56 on root level
07-30 23:09:00 com_github_MitjaNemec_PlaceFootprints.place_footprints 156:Footprint Q4 on root level
07-30 23:09:00 com_github_MitjaNemec_PlaceFootprints.place_footprints 156:Footprint L9 on root level
07-30 23:09:00 com_github_MitjaNemec_PlaceFootprints.place_footprints 156:Footprint TP3 on root level
07-30 23:09:00 com_github_MitjaNemec_PlaceFootprints.place_footprints 156:Footprint R6 on root level
07-30 23:09:00 com_github_MitjaNemec_PlaceFootprints.place_footprints 156:Footprint C63 on root level
07-30 23:09:00 com_github_MitjaNemec_PlaceFootprints.place_footprints 156:Footprint C7 on root level
07-30 23:09:00 com_github_MitjaNemec_PlaceFootprints.place_footprints 156:Footprint U5 on root level
07-30 23:09:00 com_github_MitjaNemec_PlaceFootprints.place_footprints 156:Footprint D2 on root level
07-30 23:09:00 com_github_MitjaNemec_PlaceFootprints.place_footprints 156:Footprint R37 on root level
07-30 23:09:00 com_github_MitjaNemec_PlaceFootprints.place_footprints 156:Footprint R9 on root level
07-30 23:09:00 com_github_MitjaNemec_PlaceFootprints.place_footprints 156:Footprint C69 on root level
07-30 23:09:00 com_github_MitjaNemec_PlaceFootprints.place_footprints 156:Footprint U3 on root level
07-30 23:09:00 com_github_MitjaNemec_PlaceFootprints.place_footprints 156:Footprint C5 on root level
07-30 23:09:00 com_github_MitjaNemec_PlaceFootprints.place_footprints 156:Footprint R43 on root level
07-30 23:09:00 com_github_MitjaNemec_PlaceFootprints.place_footprints 156:Footprint TP2 on root level
07-30 23:09:00 com_github_MitjaNemec_PlaceFootprints.place_footprints 156:Footprint C59 on root level
07-30 23:09:00 com_github_MitjaNemec_PlaceFootprints.place_footprints 156:Footprint U4 on root level
07-30 23:09:00 com_github_MitjaNemec_PlaceFootprints.place_footprints 156:Footprint C45 on root level
07-30 23:09:00 com_github_MitjaNemec_PlaceFootprints.place_footprints 156:Footprint C65 on root level
07-30 23:09:00 com_github_MitjaNemec_PlaceFootprints.place_footprints 156:Footprint R33 on root level
07-30 23:09:00 com_github_MitjaNemec_PlaceFootprints.place_footprints 156:Footprint C8 on root level
07-30 23:09:00 com_github_MitjaNemec_PlaceFootprints.place_footprints 156:Footprint R42 on root level
07-30 23:09:00 com_github_MitjaNemec_PlaceFootprints.place_footprints 156:Footprint R7 on root level
07-30 23:09:00 com_github_MitjaNemec_PlaceFootprints.place_footprints 156:Footprint SW1 on root level
07-30 23:09:00 com_github_MitjaNemec_PlaceFootprints.place_footprints 156:Footprint C62 on root level
07-30 23:09:00 com_github_MitjaNemec_PlaceFootprints.place_footprints 156:Footprint R2 on root level
07-30 23:09:00 com_github_MitjaNemec_PlaceFootprints.place_footprints 156:Footprint L6 on root level
07-30 23:09:00 com_github_MitjaNemec_PlaceFootprints.place_footprints 156:Footprint R8 on root level
07-30 23:09:00 com_github_MitjaNemec_PlaceFootprints.place_footprints 156:Footprint R32 on root level
07-30 23:09:00 com_github_MitjaNemec_PlaceFootprints.place_footprints 156:Footprint R5 on root level
07-30 23:09:00 com_github_MitjaNemec_PlaceFootprints.place_footprints 156:Footprint R21 on root level
07-30 23:09:00 com_github_MitjaNemec_PlaceFootprints.place_footprints 156:Footprint C58 on root level
07-30 23:09:00 com_github_MitjaNemec_PlaceFootprints.place_footprints 156:Footprint U2 on root level
07-30 23:09:00 com_github_MitjaNemec_PlaceFootprints.place_footprints 156:Footprint C64 on root level
07-30 23:09:00 com_github_MitjaNemec_PlaceFootprints.place_footprints 156:Footprint R46 on root level
07-30 23:09:00 com_github_MitjaNemec_PlaceFootprints.place_footprints 156:Footprint C61 on root level
07-30 23:09:00 com_github_MitjaNemec_PlaceFootprints.place_footprints 156:Footprint USB1 on root level
07-30 23:09:00 com_github_MitjaNemec_PlaceFootprints.place_footprints 156:Footprint R41 on root level
07-30 23:09:00 com_github_MitjaNemec_PlaceFootprints.place_footprints 156:Footprint J2 on root level
07-30 23:09:00 com_github_MitjaNemec_PlaceFootprints.place_footprints 156:Footprint R49 on root level
07-30 23:09:00 com_github_MitjaNemec_PlaceFootprints.place_footprints 156:Footprint D1 on root level
07-30 23:09:00 com_github_MitjaNemec_PlaceFootprints.place_footprints 156:Footprint R35 on root level
07-30 23:09:00 com_github_MitjaNemec_PlaceFootprints.place_footprints 156:Footprint TP1 on root level
07-30 23:09:00 com_github_MitjaNemec_PlaceFootprints.place_footprints 156:Footprint C3 on root level
07-30 23:09:00 com_github_MitjaNemec_PlaceFootprints.place_footprints 156:Footprint R45 on root level
07-30 23:09:00 com_github_MitjaNemec_PlaceFootprints.place_footprints 156:Footprint D3 on root level
07-30 23:09:00 com_github_MitjaNemec_PlaceFootprints.place_footprints 156:Footprint R39 on root level
07-30 23:09:00 com_github_MitjaNemec_PlaceFootprints.place_footprints 156:Footprint R47 on root level
07-30 23:09:00 com_github_MitjaNemec_PlaceFootprints.place_footprints 156:Footprint C44 on root level
07-30 23:09:00 com_github_MitjaNemec_PlaceFootprints.place_footprints 156:Footprint C70 on root level
07-30 23:09:00 com_github_MitjaNemec_PlaceFootprints.place_footprints 156:Footprint R31 on root level
07-30 23:09:00 com_github_MitjaNemec_PlaceFootprints.place_footprints 156:Footprint R38 on root level
07-30 23:09:00 com_github_MitjaNemec_PlaceFootprints.place_footprints 156:Footprint U15 on root level
07-30 23:09:00 com_github_MitjaNemec_PlaceFootprints.place_footprints 156:Footprint C57 on root level
07-30 23:09:00 com_github_MitjaNemec_PlaceFootprints.place_footprints 156:Footprint C67 on root level
07-30 23:09:00 com_github_MitjaNemec_PlaceFootprints.action_place_footprints 717:Reference footprint='C3'
07-30 23:09:07 com_github_MitjaNemec_PlaceFootprints.action_place_footprints 858:Reference designator is: C
07-30 23:09:07 com_github_MitjaNemec_PlaceFootprints.action_place_footprints 859:Reference number is: 3
07-30 23:09:07 com_github_MitjaNemec_PlaceFootprints.action_place_footprints 891:Sorted and filtered list:
['C3', 'C4', 'C5', 'C6', 'C7', 'C8']
07-30 23:09:07 com_github_MitjaNemec_PlaceFootprints.action_place_footprints 376:wx.Colour(240, 240, 240, 255)
